---
# Source: acm/templates/policies/acm-hub-ca-policy.yaml
# This pushes out the HUB's Certificate Authorities on to the imported clusters
---
# Source: acm/templates/policies/private-repo-policies.yaml
# We copy the vp-private-repo-credentials from the "openshift-gitops" namespace
# to the "open-cluster-management" via the "private-hub-policy"
#
# Then we copy the secret from the "open-cluster-management" namespace to the
# managed clusters "openshift-gitops" instance
#
# And we also copy the same secret to the namespaced argo's namespace
---
# Source: acm/templates/multiclusterhub.yaml
apiVersion: operator.open-cluster-management.io/v1
kind: MultiClusterHub
metadata:
  name: multiclusterhub
  namespace: open-cluster-management
  annotations:
    argocd.argoproj.io/sync-wave: "-1"
    installer.open-cluster-management.io/mce-subscription-spec: '{"source": "redhat-operators" }'
spec: {}
---
# Source: acm/templates/policies/acm-hub-ca-policy.yaml
apiVersion: policy.open-cluster-management.io/v1
kind: PlacementBinding
metadata:
  name: acm-hub-ca-policy-placement-binding
  annotations:
    argocd.argoproj.io/sync-options: SkipDryRunOnMissingResource=true
placementRef:
  name: acm-hub-ca-policy-placement
  kind: PlacementRule
  apiGroup: apps.open-cluster-management.io
subjects:
  - name: acm-hub-ca-policy
    kind: Policy
    apiGroup: policy.open-cluster-management.io
---
# Source: acm/templates/policies/acm-hub-ca-policy.yaml
apiVersion: policy.open-cluster-management.io/v1
kind: PlacementBinding
metadata:
  name: hub-argo-ca-openshift-gitops-policy-binding
  annotations:
    argocd.argoproj.io/sync-options: SkipDryRunOnMissingResource=true
placementRef:
  name: hub-argo-ca-openshift-gitops-policy-placement
  kind: PlacementRule
  apiGroup: apps.open-cluster-management.io
subjects:
  - name: hub-argo-ca-openshift-gitops-policy
    kind: Policy
    apiGroup: policy.open-cluster-management.io
---
# Source: acm/templates/policies/acm-hub-ca-policy.yaml
apiVersion: policy.open-cluster-management.io/v1
kind: PlacementBinding
metadata:
  name: hub-argo-ca-region-one-placement-binding
  annotations:
    argocd.argoproj.io/sync-options: SkipDryRunOnMissingResource=true
placementRef:
  name: hub-argo-ca-region-one-placement
  kind: PlacementRule
  apiGroup: apps.open-cluster-management.io
subjects:
  - name: hub-argo-ca-region-one-policy
    kind: Policy
    apiGroup: policy.open-cluster-management.io
---
# Source: acm/templates/policies/application-policies.yaml
apiVersion: policy.open-cluster-management.io/v1
kind: PlacementBinding
metadata:
  name: region-one-placement-binding
  annotations:
    argocd.argoproj.io/sync-options: SkipDryRunOnMissingResource=true
placementRef:
  name: region-one-placement
  kind: PlacementRule
  apiGroup: apps.open-cluster-management.io
subjects:
  - name: region-one-clustergroup-policy
    kind: Policy
    apiGroup: policy.open-cluster-management.io
---
# Source: acm/templates/policies/ocp-gitops-policy.yaml
apiVersion: policy.open-cluster-management.io/v1
kind: PlacementBinding
metadata:
  name: openshift-gitops-placement-binding
  annotations:
    argocd.argoproj.io/sync-options: SkipDryRunOnMissingResource=true
placementRef:
  name: openshift-gitops-placement
  kind: PlacementRule
  apiGroup: apps.open-cluster-management.io
subjects:
  - name: openshift-gitops-policy
    kind: Policy
    apiGroup: policy.open-cluster-management.io
---
# Source: acm/templates/policies/ocp-gitops-policy.yaml
apiVersion: policy.open-cluster-management.io/v1
kind: PlacementBinding
metadata:
  name: openshift-gitops-placement-binding-argocd
  annotations:
    argocd.argoproj.io/sync-options: SkipDryRunOnMissingResource=true
placementRef:
  name: openshift-gitops-placement-argocd
  kind: PlacementRule
  apiGroup: apps.open-cluster-management.io
subjects:
  - name: openshift-gitops-policy-argocd
    kind: Policy
    apiGroup: policy.open-cluster-management.io
---
# Source: acm/templates/policies/acm-hub-ca-policy.yaml
apiVersion: apps.open-cluster-management.io/v1
kind: PlacementRule
metadata:
  name: acm-hub-ca-policy-placement
  annotations:
    argocd.argoproj.io/sync-options: SkipDryRunOnMissingResource=true
spec:
  clusterConditions:
    - status: 'True'
      type: ManagedClusterConditionAvailable
  clusterSelector:
    matchExpressions:
      - key: local-cluster
        operator: NotIn
        values:
          - 'true'
---
# Source: acm/templates/policies/acm-hub-ca-policy.yaml
apiVersion: apps.open-cluster-management.io/v1
kind: PlacementRule
metadata:
  name: hub-argo-ca-openshift-gitops-policy-placement
  annotations:
    argocd.argoproj.io/sync-options: SkipDryRunOnMissingResource=true
spec:
  clusterConditions:
    - status: 'True'
      type: ManagedClusterConditionAvailable
  clusterSelector:
    matchExpressions:
      - key: local-cluster
        operator: NotIn
        values:
          - 'true'
---
# Source: acm/templates/policies/acm-hub-ca-policy.yaml
apiVersion: apps.open-cluster-management.io/v1
kind: PlacementRule
metadata:
  name: hub-argo-ca-region-one-placement
  annotations:
    argocd.argoproj.io/sync-options: SkipDryRunOnMissingResource=true
spec:
  clusterConditions:
    - status: 'True'
      type: ManagedClusterConditionAvailable
  clusterSelector:
    matchExpressions:
      - key: local-cluster
        operator: NotIn
        values:
          - 'true'
---
# Source: acm/templates/policies/application-policies.yaml
apiVersion: apps.open-cluster-management.io/v1
kind: PlacementRule
metadata:
  name: region-one-placement
  annotations:
    argocd.argoproj.io/sync-options: SkipDryRunOnMissingResource=true
spec:
  clusterConditions:
    - status: 'True'
      type: ManagedClusterConditionAvailable
  clusterSelector: {
  "matchLabels": {
    "clusterGroup": "region-one"
  }
}
---
# Source: acm/templates/policies/ocp-gitops-policy.yaml
apiVersion: apps.open-cluster-management.io/v1
kind: PlacementRule
metadata:
  name: openshift-gitops-placement
  annotations:
    argocd.argoproj.io/sync-options: SkipDryRunOnMissingResource=true
spec:
  clusterConditions:
    - status: 'True'
      type: ManagedClusterConditionAvailable
  clusterSelector:
    matchExpressions:
      - key: vendor
        operator: In
        values:
          - OpenShift
      - key: local-cluster
        operator: NotIn
        values:
          - 'true'
---
# Source: acm/templates/policies/ocp-gitops-policy.yaml
apiVersion: apps.open-cluster-management.io/v1
kind: PlacementRule
metadata:
  name: openshift-gitops-placement-argocd
  annotations:
    argocd.argoproj.io/sync-options: SkipDryRunOnMissingResource=true
spec:
  clusterConditions:
    - status: 'True'
      type: ManagedClusterConditionAvailable
  clusterSelector:
    matchExpressions:
      - key: vendor
        operator: In
        values:
          - OpenShift
      - key: local-cluster
        operator: NotIn
        values:
          - 'true'
---
# Source: acm/templates/policies/acm-hub-ca-policy.yaml
apiVersion: policy.open-cluster-management.io/v1
kind: Policy
metadata:
  name: acm-hub-ca-policy
  annotations:
    argocd.argoproj.io/sync-options: SkipDryRunOnMissingResource=true
    argocd.argoproj.io/compare-options: IgnoreExtraneous
spec:
  remediationAction: enforce
  disabled: false
  policy-templates:
    - objectDefinition:
        apiVersion: policy.open-cluster-management.io/v1
        kind: ConfigurationPolicy
        metadata:
          name: acm-hub-ca-config-policy
        spec:
          remediationAction: enforce
          severity: medium
          namespaceSelector:
            include:
              - default
          object-templates:
            - complianceType: mustonlyhave
              objectDefinition:
                kind: Secret
                apiVersion: v1
                type: Opaque
                metadata:
                  name: hub-ca
                  namespace: golang-external-secrets
                data:
                  hub-kube-root-ca.crt: '{{hub fromConfigMap "" "kube-root-ca.crt" "ca.crt" | base64enc hub}}'
                  hub-openshift-service-ca.crt: '{{hub fromConfigMap "" "openshift-service-ca.crt" "service-ca.crt" | base64enc hub}}'
            - complianceType: mustonlyhave
              objectDefinition:
                kind: ConfigMap
                apiVersion: v1
                metadata:
                  name: trusted-hub-bundle
                  namespace: imperative
                data:
                  hub-kube-root-ca.crt: |
                    {{hub fromConfigMap "" "kube-root-ca.crt" "ca.crt" | autoindent hub}}
                  hub-openshift-service-ca.crt: |
                    {{hub fromConfigMap "" "openshift-service-ca.crt" "service-ca.crt" | autoindent hub}}
---
# Source: acm/templates/policies/acm-hub-ca-policy.yaml
apiVersion: policy.open-cluster-management.io/v1
kind: Policy
metadata:
  name: hub-argo-ca-openshift-gitops-policy
  annotations:
    argocd.argoproj.io/sync-options: SkipDryRunOnMissingResource=true
    argocd.argoproj.io/compare-options: IgnoreExtraneous
spec:
  remediationAction: enforce
  disabled: false
  policy-templates:
    - objectDefinition:
        apiVersion: policy.open-cluster-management.io/v1
        kind: ConfigurationPolicy
        metadata:
          name: hub-argo-ca-openshift-gitops-config
        spec:
          remediationAction: enforce
          severity: medium
          namespaceSelector:
            include:
              - default
          object-templates:
            - complianceType: mustonlyhave
              objectDefinition:
                kind: ConfigMap
                apiVersion: v1
                metadata:
                  name: trusted-hub-bundle
                  namespace: openshift-gitops
                data:
                  hub-kube-root-ca.crt: |
                    {{hub fromConfigMap "" "kube-root-ca.crt" "ca.crt" | autoindent hub}}
                  hub-openshift-service-ca.crt: |
                    {{hub fromConfigMap "" "openshift-service-ca.crt" "service-ca.crt" | autoindent hub}}
---
# Source: acm/templates/policies/acm-hub-ca-policy.yaml
apiVersion: policy.open-cluster-management.io/v1
kind: Policy
metadata:
  name: hub-argo-ca-region-one-policy
  annotations:
    argocd.argoproj.io/sync-options: SkipDryRunOnMissingResource=true
    argocd.argoproj.io/compare-options: IgnoreExtraneous
spec:
  remediationAction: enforce
  disabled: false
  policy-templates:
    - objectDefinition:
        apiVersion: policy.open-cluster-management.io/v1
        kind: ConfigurationPolicy
        metadata:
          name: hub-argo-ca-region-one-config
        spec:
          remediationAction: enforce
          severity: medium
          namespaceSelector:
            include:
              - default
          object-templates:
            - complianceType: mustonlyhave
              objectDefinition:
                kind: ConfigMap
                apiVersion: v1
                metadata:
                  name: trusted-hub-bundle
                  namespace: mypattern-region-one
                data:
                  hub-kube-root-ca.crt: |
                    {{hub fromConfigMap "" "kube-root-ca.crt" "ca.crt" | autoindent hub}}
                  hub-openshift-service-ca.crt: |
                    {{hub fromConfigMap "" "openshift-service-ca.crt" "service-ca.crt" | autoindent hub}}
---
# Source: acm/templates/policies/application-policies.yaml
# TODO: Also create a GitOpsCluster.apps.open-cluster-management.io
apiVersion: policy.open-cluster-management.io/v1
kind: Policy
metadata:
  name: region-one-clustergroup-policy
  annotations:
    argocd.argoproj.io/sync-options: SkipDryRunOnMissingResource=true
    argocd.argoproj.io/compare-options: IgnoreExtraneous
spec:
  remediationAction: enforce
  disabled: false
  policy-templates:
    - objectDefinition:
        apiVersion: policy.open-cluster-management.io/v1
        kind: ConfigurationPolicy
        metadata:
          name: region-one-clustergroup-config
        spec:
          remediationAction: enforce
          severity: medium
          namespaceSelector:
            include:
              - default
          object-templates:
            - complianceType: mustonlyhave
              objectDefinition:
                apiVersion: argoproj.io/v1alpha1
                kind: Application
                metadata:
                  name: mypattern-region-one
                  namespace: openshift-gitops
                  finalizers:
                  - resources-finalizer.argocd.argoproj.io/foreground
                spec:
                  project: default
                  source:
                    repoURL: https://github.com/pattern-clone/mypattern
                    targetRevision: main
                    path: common/clustergroup
                    helm:
                      ignoreMissingValueFiles: true
                      values: |
                        extraParametersNested:
                      valueFiles:
                      - "/values-global.yaml"
                      - "/values-region-one.yaml"
                      - '/values-{{ (lookup "config.openshift.io/v1" "Infrastructure" "" "cluster").spec.platformSpec.type }}.yaml'
                      - '/values-{{ (lookup "config.openshift.io/v1" "Infrastructure" "" "cluster").spec.platformSpec.type }}-{{ printf "%d.%d" ((semver (index (lookup "config.openshift.io/v1" "ClusterVersion" "" "version").status.history 0).version).Major) ((semver (index (lookup "config.openshift.io/v1" "ClusterVersion" "" "version").status.history 0).version).Minor) }}.yaml'
                      - '/values-{{ (lookup "config.openshift.io/v1" "Infrastructure" "" "cluster").spec.platformSpec.type }}-region-one.yaml'
                      # We cannot use $.Values.global.clusterVersion because that gets resolved to the
                      # hub's cluster version, whereas we want to include the spoke cluster version
                      - '/values-{{ printf "%d.%d" ((semver (index (lookup "config.openshift.io/v1" "ClusterVersion" "" "version").status.history 0).version).Major) ((semver (index (lookup "config.openshift.io/v1" "ClusterVersion" "" "version").status.history 0).version).Minor) }}.yaml'
                      parameters:
                      - name: global.repoURL
                        value: https://github.com/pattern-clone/mypattern
                      - name: global.targetRevision
                        value: main
                      - name: global.namespace
                        value: $ARGOCD_APP_NAMESPACE
                      - name: global.pattern
                        value: mypattern
                      - name: global.hubClusterDomain
                        value: apps.hub.example.com
                      - name: global.localClusterDomain
                        value: '{{ (lookup "config.openshift.io/v1" "Ingress" "" "cluster").spec.domain }}'
                      - name: global.clusterDomain
                        value: '{{ (lookup "config.openshift.io/v1" "Ingress" "" "cluster").spec.domain | replace "apps." "" }}'
                      - name: global.clusterVersion
                        value: '{{ printf "%d.%d" ((semver (index (lookup "config.openshift.io/v1" "ClusterVersion" "" "version").status.history 0).version).Major) ((semver (index (lookup "config.openshift.io/v1" "ClusterVersion" "" "version").status.history 0).version).Minor) }}'
                      - name: global.localClusterName
                        value: '{{ (split "." (lookup "config.openshift.io/v1" "Ingress" "" "cluster").spec.domain)._1 }}'
                      - name: global.clusterPlatform
                        value: aws
                      - name: global.multiSourceSupport
                        value: 
                      - name: global.multiSourceRepoUrl
                        value: 
                      - name: global.multiSourceTargetRevision
                        value: 
                      - name: global.privateRepo
                        value: 
                      - name: global.experimentalCapabilities
                        value: 
                      - name: clusterGroup.name
                        value: region-one
                      - name: clusterGroup.isHubCluster
                        value: "false"
                  destination:
                    server: https://kubernetes.default.svc
                    namespace: mypattern-region-one
                  syncPolicy:
                    automated:
                      prune: false
                      selfHeal: true
                    retry:
                      limit: 20
                  ignoreDifferences:
                  - group: apps
                    kind: Deployment
                    jsonPointers:
                    - /spec/replicas
                  - group: route.openshift.io
                    kind: Route
                    jsonPointers:
                    - /status
---
# Source: acm/templates/policies/ocp-gitops-policy.yaml
apiVersion: policy.open-cluster-management.io/v1
kind: Policy
metadata:
  name: openshift-gitops-policy
  annotations:
    policy.open-cluster-management.io/standards: NIST-CSF
    policy.open-cluster-management.io/categories: PR.DS Data Security
    policy.open-cluster-management.io/controls: PR.DS-1 Data-at-rest
    argocd.argoproj.io/sync-options: SkipDryRunOnMissingResource=true
    argocd.argoproj.io/compare-options: IgnoreExtraneous
spec:
  remediationAction: enforce
  disabled: false
  policy-templates:
    - objectDefinition:
        apiVersion: policy.open-cluster-management.io/v1
        kind: ConfigurationPolicy
        metadata:
          name: openshift-gitops-config
        spec:
          remediationAction: enforce
          severity: medium
          namespaceSelector:
            include:
              - default
          object-templates:
            - complianceType: mustonlyhave
              objectDefinition:
                # This is an auto-generated file. DO NOT EDIT
                apiVersion: operators.coreos.com/v1alpha1
                kind: Subscription
                metadata:
                  name: openshift-gitops-operator
                  namespace: openshift-operators
                  labels:
                    operators.coreos.com/openshift-gitops-operator.openshift-operators: ''
                spec:
                  channel: gitops-1.12
                  installPlanApproval: Automatic
                  name: openshift-gitops-operator
                  source: redhat-operators
                  sourceNamespace: openshift-marketplace
                  config:
                    env:
                      - name: ARGOCD_CLUSTER_CONFIG_NAMESPACES
                        value: "*"
            - complianceType: mustonlyhave
              objectDefinition:
                kind: ConfigMap
                apiVersion: v1
                metadata:
                  name: trusted-ca-bundle
                  namespace: openshift-gitops
                  labels:
                    config.openshift.io/inject-trusted-cabundle: 'true'
---
# Source: acm/templates/policies/ocp-gitops-policy.yaml
# This policy depends on openshift-gitops-policy and the reason is that we need to be
# certain that the trusted-ca-bundle exists before spawning the clusterwide argocd instance
# because the initcontainer references the trusted-ca-bundle and if it starts without the
# configmap being there we risk running an argo instances that won't trust public CAs
apiVersion: policy.open-cluster-management.io/v1
kind: Policy
metadata:
  name: openshift-gitops-policy-argocd
  annotations:
    policy.open-cluster-management.io/standards: NIST-CSF
    policy.open-cluster-management.io/categories: PR.DS Data Security
    policy.open-cluster-management.io/controls: PR.DS-1 Data-at-rest
    argocd.argoproj.io/sync-options: SkipDryRunOnMissingResource=true
    argocd.argoproj.io/compare-options: IgnoreExtraneous
spec:
  remediationAction: enforce
  disabled: false
  dependencies:
    - apiVersion: policy.open-cluster-management.io/v1
      compliance: Compliant
      kind: Policy
      name: openshift-gitops-policy
      namespace: open-cluster-management
    - apiVersion: policy.open-cluster-management.io/v1
      compliance: Compliant
      kind: Policy
      name: hub-argo-ca-openshift-gitops-policy
      namespace: open-cluster-management
  policy-templates:
    - objectDefinition:
        apiVersion: policy.open-cluster-management.io/v1
        kind: ConfigurationPolicy
        metadata:
          name: openshift-gitops-config-argocd
        spec:
          remediationAction: enforce
          severity: medium
          namespaceSelector:
            include:
              - default
          object-templates:
            - complianceType: mustonlyhave
              objectDefinition:
                apiVersion: argoproj.io/v1beta1
                kind: ArgoCD
                metadata:
                  name: openshift-gitops
                  namespace: openshift-gitops
                spec:
                  applicationSet:
                    resources:
                      limits:
                        cpu: "2"
                        memory: 1Gi
                      requests:
                        cpu: 250m
                        memory: 512Mi
                    webhookServer:
                      ingress:
                        enabled: false
                      route:
                        enabled: false
                  controller:
                    processors: {}
                    resources:
                      limits:
                        cpu: "2"
                        memory: 2Gi
                      requests:
                        cpu: 250m
                        memory: 1Gi
                    sharding: {}
                  grafana:
                    enabled: false
                    ingress:
                      enabled: false
                    resources:
                      limits:
                        cpu: 500m
                        memory: 256Mi
                      requests:
                        cpu: 250m
                        memory: 128Mi
                    route:
                      enabled: false
                  ha:
                    enabled: false
                    resources:
                      limits:
                        cpu: 500m
                        memory: 256Mi
                      requests:
                        cpu: 250m
                        memory: 128Mi
                  initialSSHKnownHosts: {}
                  monitoring:
                    enabled: false
                  notifications:
                    enabled: false
                  prometheus:
                    enabled: false
                    ingress:
                      enabled: false
                    route:
                      enabled: false
                  rbac:
                    defaultPolicy: ""
                    policy: |-
                      g, system:cluster-admins, role:admin
                      g, cluster-admins, role:admin
                    scopes: '[groups]'
                  redis:
                    resources:
                      limits:
                        cpu: 500m
                        memory: 256Mi
                      requests:
                        cpu: 250m
                        memory: 128Mi
                  repo:
                    initContainers:
                    - command:
                      - bash
                      - -c
                      - cat /var/run/kube-root-ca/ca.crt /var/run/trusted-ca/ca-bundle.crt /var/run/trusted-hub/hub-kube-root-ca.crt > /tmp/ca-bundles/ca-bundle.crt
                        || true
                      image: registry.redhat.io/ubi9/ubi-minimal:latest
                      name: fetch-ca
                      resources: {}
                      volumeMounts:
                      - mountPath: /var/run/kube-root-ca
                        name: kube-root-ca
                      - mountPath: /var/run/trusted-ca
                        name: trusted-ca-bundle
                      - mountPath: /var/run/trusted-hub
                        name: trusted-hub-bundle
                      - mountPath: /tmp/ca-bundles
                        name: ca-bundles
                    resources:
                      limits:
                        cpu: "1"
                        memory: 1Gi
                      requests:
                        cpu: 250m
                        memory: 256Mi
                    volumeMounts:
                    - mountPath: /etc/pki/tls/certs
                      name: ca-bundles
                    volumes:
                    - configMap:
                        name: kube-root-ca.crt
                      name: kube-root-ca
                    - configMap:
                        name: trusted-ca-bundle
                        optional: true
                      name: trusted-ca-bundle
                    - configMap:
                        name: trusted-hub-bundle
                        optional: true
                      name: trusted-hub-bundle
                    - emptyDir: {}
                      name: ca-bundles
                  resourceExclusions: |-
                    - apiGroups:
                      - tekton.dev
                      clusters:
                      - '*'
                      kinds:
                      - TaskRun
                      - PipelineRun
                  server:
                    autoscale:
                      enabled: false
                    grpc:
                      ingress:
                        enabled: false
                    ingress:
                      enabled: false
                    resources:
                      limits:
                        cpu: 500m
                        memory: 256Mi
                      requests:
                        cpu: 125m
                        memory: 128Mi
                    route:
                      enabled: true
                    service:
                      type: ""
                  sso:
                    dex:
                      openShiftOAuth: true
                      resources:
                        limits:
                          cpu: 500m
                          memory: 256Mi
                        requests:
                          cpu: 250m
                          memory: 128Mi
                    provider: dex
                  tls:
                    ca: {}
